[
  [0]: 0:0-0:3 Whitespace("   "),
  [1]: 0:3-0:18 Comment(
    kind: Comment.Kind.singleLine,
    isDocComment: false,
    content: " Hello, world!"
  )
]