0:0-0:24 0:0-0:11 { x, y, z in 0:10-0:10 x }(1, 2, 3)