SyntaxNode(
  leadingTrivia: [],
  content: 0:0-1:11 Expr(
    payload: Expr.Payload.member(
      MemberAccess(
        base: SyntaxNode(
          leadingTrivia: [],
          content: 0:0-0:0 Expr(
            payload: Expr.Payload.literal(
              Literal.int32(5)
            ),
            annotation: EmptyAnnotation()
          )
        ),
        dot: SyntaxNode(
          leadingTrivia: [
            [0]: Whitespace("\n")
          ],
          content: 1:0-1:0 ()
        ),
        member: SyntaxNode(
          leadingTrivia: [],
          content: 1:1-1:11 Member.identifier(
            Identifier(value: "description")
          )
        )
      )
    ),
    annotation: EmptyAnnotation()
  )
)