SyntaxNode(
  leadingTrivia: [],
  content: 0:0-0:27 Type.tuple(
    [
      [0]: Type.constructor(
        TypeIdentifier(value: "Int"),
        []
      ),
      [1]: Type.constructor(
        TypeIdentifier(value: "Double"),
        []
      ),
      [2]: Type.constructor(
        TypeIdentifier(value: "Bool"),
        []
      ),
      [3]: Type.constructor(
        TypeIdentifier(value: "String"),
        []
      )
    ]
  )
)