StructDecl(
  name: 0:8-0:10 TypeIdentifier(value: "Bar"),
  genericParameters: []
)