SyntaxNode(
  leadingTrivia: [],
  content: 0:0-0:23 Expr.member(
    MemberAccess(
      base: SyntaxNode(
        leadingTrivia: [],
        content: 0:0-0:11 Expr.tuple(
          DelimitedSequence(
            start: SyntaxNode(
              leadingTrivia: [],
              content: 0:0-0:0 ()
            ),
            elements: [
              [0]: DelimitedSequence.Element(
                content: SyntaxNode(
                  leadingTrivia: [
                    [0]: Whitespace(" ")
                  ],
                  content: 0:2-0:2 Expr.literal(
                    Literal.int32(1)
                  )
                ),
                separator: SyntaxNode(
                  leadingTrivia: [
                    [0]: Whitespace(" ")
                  ],
                  content: 0:4-0:4 ()
                )
              ),
              [1]: DelimitedSequence.Element(
                content: SyntaxNode(
                  leadingTrivia: [
                    [0]: Whitespace(" ")
                  ],
                  content: 0:6-0:6 Expr.literal(
                    Literal.int32(2)
                  )
                ),
                separator: SyntaxNode(
                  leadingTrivia: [],
                  content: 0:7-0:7 ()
                )
              ),
              [2]: DelimitedSequence.Element(
                content: SyntaxNode(
                  leadingTrivia: [
                    [0]: Whitespace(" ")
                  ],
                  content: 0:9-0:9 Expr.literal(
                    Literal.int32(3)
                  )
                ),
                separator: nil
              )
            ],
            end: SyntaxNode(
              leadingTrivia: [
                [0]: Whitespace(" ")
              ],
              content: 0:11-0:11 ()
            )
          )
        )
      ),
      dot: SyntaxNode(
        leadingTrivia: [],
        content: 0:12-0:12 ()
      ),
      member: SyntaxNode(
        leadingTrivia: [],
        content: 0:13-0:23 MemberAccess.Member.identifier(
          Identifier(value: "description")
        )
      )
    )
  )
)