SyntaxNode(
  leadingTrivia: [
    [0]: Comment(
      kind: Comment.Kind.singleLine,
      isDocComment: false,
      content: " test"
    ),
    [1]: Whitespace("\n")
  ],
  content: 1:0-1:6 Identifier(
    definitionSource: nil,
    value: "_abc123"
  )
)