SyntaxNode(
  leadingTrivia: [],
  content: 0:0-0:7 Expr(
    payload: Expr.Payload.closure(
      Closure(
        openBrace: SyntaxNode(
          leadingTrivia: [],
          content: 0:0-0:0 ()
        ),
        parameters: [
          [0]: Closure.Parameter(
            identifier: SyntaxNode(
              leadingTrivia: [],
              content: 0:1-0:1 Identifier(value: "x")
            ),
            typeSignature: nil,
            comma: nil
          )
        ],
        inKeyword: SyntaxNode(
          leadingTrivia: [
            [0]: Whitespace(" ")
          ],
          content: 0:3-0:4 ()
        ),
        body: [
          [0]: SyntaxNode(
            leadingTrivia: [
              [0]: Whitespace(" ")
            ],
            content: 0:6-0:6 ExprBlock.Element.expr(
              Expr(
                payload: Expr.Payload.literal(
                  Literal.int32(1)
                ),
                annotation: EmptyAnnotation()
              )
            )
          )
        ],
        closeBrace: SyntaxNode(
          leadingTrivia: [],
          content: 0:7-0:7 ()
        )
      )
    ),
    annotation: EmptyAnnotation()
  )
)