SyntaxNode(
  leadingTrivia: [],
  content: 0:0-0:34 FuncDecl(
    modifiers: [
      [0]: SyntaxNode(
        leadingTrivia: [],
        content: 0:0-0:6 DeclModifier.access(AccessControl.private)
      )
    ],
    funcKeyword: SyntaxNode(
      leadingTrivia: [
        [0]: Whitespace(" ")
      ],
      content: 0:8-0:11 ()
    ),
    identifier: SyntaxNode(
      leadingTrivia: [
        [0]: Whitespace(" ")
      ],
      content: 0:13-0:13 Identifier(value: "f")
    ),
    genericParameters: nil,
    parameters: DelimitedSequence(
      start: SyntaxNode(
        leadingTrivia: [],
        content: 0:14-0:14 ()
      ),
      elements: [
        [0]: DelimitedSequence.Element(
          content: SyntaxNode(
            leadingTrivia: [],
            content: 0:15-0:20 FuncDecl.Parameter(
              externalName: nil,
              internalName: SyntaxNode(
                leadingTrivia: [],
                content: 0:15-0:15 Identifier(value: "x")
              ),
              colon: SyntaxNode(
                leadingTrivia: [],
                content: 0:16-0:16 ()
              ),
              type: SyntaxNode(
                leadingTrivia: [
                  [0]: Whitespace(" ")
                ],
                content: 0:18-0:20 Expr(
                  payload: Expr.Payload.identifier(
                    Identifier(value: "Int")
                  ),
                  annotation: EmptyAnnotation()
                )
              )
            )
          ),
          separator: nil
        )
      ],
      end: SyntaxNode(
        leadingTrivia: [],
        content: 0:21-0:21 ()
      )
    ),
    arrow: FuncDecl.Arrow(
      arrowSymbol: SyntaxNode(
        leadingTrivia: [
          [0]: Whitespace(" ")
        ],
        content: 0:23-0:24 ()
      ),
      returns: SyntaxNode(
        leadingTrivia: [
          [0]: Whitespace(" ")
        ],
        content: 0:26-0:28 Expr(
          payload: Expr.Payload.identifier(
            Identifier(value: "Int")
          ),
          annotation: EmptyAnnotation()
        )
      )
    ),
    genericConstraints: nil,
    body: ExprBlock(
      openBrace: SyntaxNode(
        leadingTrivia: [
          [0]: Whitespace(" ")
        ],
        content: 0:30-0:30 ()
      ),
      elements: [
        [0]: SyntaxNode(
          leadingTrivia: [
            [0]: Whitespace(" ")
          ],
          content: 0:32-0:32 ExprBlock.Element.expr(
            Expr(
              payload: Expr.Payload.identifier(
                Identifier(value: "x")
              ),
              annotation: EmptyAnnotation()
            )
          )
        )
      ],
      closeBrace: SyntaxNode(
        leadingTrivia: [
          [0]: Whitespace(" ")
        ],
        content: 0:34-0:34 ()
      )
    )
  )
)