StructDecl(
  name: 1:0-1:2 TypeIdentifier(value: "Baz"),
  genericParameters: []
)