SyntaxNode(
  leadingTrivia: [],
  content: 0:0-0:18 Expr.application(
    FuncApplication(
      function: SyntaxNode(
        leadingTrivia: [],
        content: 0:0-0:11 Expr.closure(
          Closure(
            openBrace: SyntaxNode(
              leadingTrivia: [],
              content: 0:0-0:0 ()
            ),
            parameters: [
              [0]: Closure.Parameter(
                identifier: SyntaxNode(
                  leadingTrivia: [],
                  content: 0:1-0:1 Identifier(value: "x")
                ),
                typeAnnotation: nil,
                comma: SyntaxNode(
                  leadingTrivia: [],
                  content: 0:2-0:2 ()
                )
              ),
              [1]: Closure.Parameter(
                identifier: SyntaxNode(
                  leadingTrivia: [],
                  content: 0:3-0:3 Identifier(value: "y")
                ),
                typeAnnotation: nil,
                comma: SyntaxNode(
                  leadingTrivia: [],
                  content: 0:4-0:4 ()
                )
              ),
              [2]: Closure.Parameter(
                identifier: SyntaxNode(
                  leadingTrivia: [],
                  content: 0:5-0:5 Identifier(value: "z")
                ),
                typeAnnotation: nil,
                comma: nil
              )
            ],
            inKeyword: SyntaxNode(
              leadingTrivia: [
                [0]: Whitespace(" ")
              ],
              content: 0:7-0:8 ()
            ),
            body: [
              [0]: SyntaxNode(
                leadingTrivia: [
                  [0]: Whitespace(" ")
                ],
                content: 0:10-0:10 ExprBlock.Element.expr(
                  Expr.identifier(
                    Identifier(value: "x")
                  )
                )
              )
            ],
            closeBrace: SyntaxNode(
              leadingTrivia: [],
              content: 0:11-0:11 ()
            )
          )
        )
      ),
      arguments: DelimitedSequence(
        start: SyntaxNode(
          leadingTrivia: [],
          content: 0:12-0:12 ()
        ),
        elements: [
          [0]: DelimitedSequence.Element(
            content: SyntaxNode(
              leadingTrivia: [],
              content: 0:13-0:13 Expr.literal(
                Literal.int32(1)
              )
            ),
            separator: SyntaxNode(
              leadingTrivia: [],
              content: 0:14-0:14 ()
            )
          ),
          [1]: DelimitedSequence.Element(
            content: SyntaxNode(
              leadingTrivia: [],
              content: 0:15-0:15 Expr.literal(
                Literal.int32(2)
              )
            ),
            separator: SyntaxNode(
              leadingTrivia: [],
              content: 0:16-0:16 ()
            )
          ),
          [2]: DelimitedSequence.Element(
            content: SyntaxNode(
              leadingTrivia: [],
              content: 0:17-0:17 Expr.literal(
                Literal.int32(3)
              )
            ),
            separator: nil
          )
        ],
        end: SyntaxNode(
          leadingTrivia: [],
          content: 0:18-0:18 ()
        )
      )
    )
  )
)