SyntaxNode(
  leadingTrivia: [],
  content: 0:0-0:24 Type.constructor(
    Identifier(value: "Result"),
    [
      [0]: Type.constructor(
        Identifier(value: "String"),
        []
      ),
      [1]: Type.constructor(
        Identifier(value: "IOError"),
        []
      )
    ]
  )
)