SyntaxNode(
  leadingTrivia: [],
  content: 0:0-0:14 Expr(
    payload: Expr.Payload.member(
      MemberAccess(
        base: SyntaxNode(
          leadingTrivia: [],
          content: 0:0-0:0 Expr(
            payload: Expr.Payload.literal(
              Literal.int32(5)
            ),
            annotation: EmptyAnnotation()
          )
        ),
        dot: SyntaxNode(
          leadingTrivia: [
            [0]: Whitespace("  ")
          ],
          content: 0:3-0:3 ()
        ),
        member: SyntaxNode(
          leadingTrivia: [],
          content: 0:4-0:14 Member.identifier(
            Identifier(value: "description")
          )
        )
      )
    ),
    annotation: EmptyAnnotation()
  )
)