SyntaxNode(
  leadingTrivia: [],
  content: 0:0-0:19 Type.constructor(
    Identifier(value: "Array"),
    [
      [0]: Type.tuple(
        [
          [0]: Type.constructor(
            Identifier(value: "Int"),
            []
          ),
          [1]: Type.constructor(
            Identifier(value: "String"),
            []
          )
        ]
      )
    ]
  )
)