SyntaxNode(
  leadingTrivia: [],
  content: 0:0-0:22 Expr(
    payload: Expr.Payload.member(
      MemberAccess(
        base: SyntaxNode(
          leadingTrivia: [],
          content: 0:0-0:10 Expr(
            payload: Expr.Payload.tuple(
              DelimitedSequence(
                start: SyntaxNode(
                  leadingTrivia: [],
                  content: 0:0-0:0 ()
                ),
                elements: [
                  [0]: DelimitedSequence.Element(
                    content: SyntaxNode(
                      leadingTrivia: [
                        [0]: Whitespace(" ")
                      ],
                      content: 0:2-0:2 Expr(
                        payload: Expr.Payload.literal(
                          Literal.int32(1)
                        ),
                        annotation: EmptyAnnotation()
                      )
                    ),
                    separator: SyntaxNode(
                      leadingTrivia: [],
                      content: 0:3-0:3 ()
                    )
                  ),
                  [1]: DelimitedSequence.Element(
                    content: SyntaxNode(
                      leadingTrivia: [
                        [0]: Whitespace(" ")
                      ],
                      content: 0:5-0:5 Expr(
                        payload: Expr.Payload.literal(
                          Literal.int32(2)
                        ),
                        annotation: EmptyAnnotation()
                      )
                    ),
                    separator: SyntaxNode(
                      leadingTrivia: [],
                      content: 0:6-0:6 ()
                    )
                  ),
                  [2]: DelimitedSequence.Element(
                    content: SyntaxNode(
                      leadingTrivia: [
                        [0]: Whitespace(" ")
                      ],
                      content: 0:8-0:8 Expr(
                        payload: Expr.Payload.literal(
                          Literal.int32(3)
                        ),
                        annotation: EmptyAnnotation()
                      )
                    ),
                    separator: nil
                  )
                ],
                end: SyntaxNode(
                  leadingTrivia: [
                    [0]: Whitespace(" ")
                  ],
                  content: 0:10-0:10 ()
                )
              )
            ),
            annotation: EmptyAnnotation()
          )
        ),
        dot: SyntaxNode(
          leadingTrivia: [],
          content: 0:11-0:11 ()
        ),
        member: SyntaxNode(
          leadingTrivia: [],
          content: 0:12-0:22 Member.identifier(
            Identifier(value: "description")
          )
        )
      )
    ),
    annotation: EmptyAnnotation()
  )
)