SyntaxNode(
  leadingTrivia: [],
  content: 0:0-0:2 Expr.member(
    MemberAccess(
      base: SyntaxNode(
        leadingTrivia: [],
        content: 0:0-0:0 Expr.identifier(
          Identifier(value: "a")
        )
      ),
      dot: SyntaxNode(
        leadingTrivia: [],
        content: 0:1-0:1 ()
      ),
      member: SyntaxNode(
        leadingTrivia: [],
        content: 0:2-0:2 MemberAccess.Member.tupleElement(1)
      )
    )
  )
)