SyntaxNode(
  leadingTrivia: [],
  content: 0:0-0:6 Identifier(
    definitionSource: nil,
    value: "_abc123"
  )
)