0:0-4:0 if 0:3-0:14 42.isInteger() {
  "is integer"
} else {
  "is not integer"
}