0:0-0:73 (Dictionary<Bool, (Int, Double, String)> -> (Array<Character>, Array<Bool>))