SyntaxNode(
  leadingTrivia: [],
  content: 0:0-0:61 Type.constructor(
    Identifier(value: "Array"),
    [
      [0]: Type.tuple(
        [
          [0]: Type.constructor(
            Identifier(value: "Int"),
            []
          ),
          [1]: Type.constructor(
            Identifier(value: "String"),
            []
          ),
          [2]: Type.constructor(
            Identifier(value: "Bool"),
            []
          ),
          [3]: Type.constructor(
            Identifier(value: "Dictionary"),
            [
              [0]: Type.constructor(
                Identifier(value: "Double"),
                []
              ),
              [1]: Type.constructor(
                Identifier(value: "Set"),
                [
                  [0]: Type.tuple(
                    [
                      [0]: Type.constructor(
                        Identifier(value: "Foo"),
                        []
                      ),
                      [1]: Type.constructor(
                        Identifier(value: "Bar"),
                        []
                      )
                    ]
                  )
                ]
              )
            ]
          )
        ]
      )
    ]
  )
)