0:0-0:16 Syntax.Comment(kind: Syntax.Comment.Kind.multipleLines, isDocComment: true, content: " Hello, world!")