SyntaxNode(
  leadingTrivia: [],
  content: 0:0-0:2 Expr(
    payload: Expr.Payload.closure(
      Closure(
        openBrace: SyntaxNode(
          leadingTrivia: [],
          content: 0:0-0:0 ()
        ),
        parameters: [],
        inKeyword: nil,
        body: [
          [0]: SyntaxNode(
            leadingTrivia: [],
            content: 0:1-0:1 ExprBlock.Element.expr(
              Expr(
                payload: Expr.Payload.literal(
                  Literal.int32(1)
                ),
                annotation: EmptyAnnotation()
              )
            )
          )
        ],
        closeBrace: SyntaxNode(
          leadingTrivia: [],
          content: 0:2-0:2 ()
        )
      )
    ),
    annotation: EmptyAnnotation()
  )
)