SyntaxNode(
  leadingTrivia: [],
  content: 0:0-0:9 Expr.closure(
    Closure(
      openBrace: SyntaxNode(
        leadingTrivia: [],
        content: 0:0-0:0 ()
      ),
      parameters: [
        [0]: Closure.Parameter(
          identifier: SyntaxNode(
            leadingTrivia: [],
            content: 0:2-0:2 Identifier(value: "x")
          ),
          typeAnnotation: nil
        )
      ],
      inKeyword: SyntaxNode(
        leadingTrivia: [],
        content: 0:4-0:5 ()
      ),
      body: SyntaxNode(
        leadingTrivia: [],
        content: 0:7-0:7 Expr.literal(
          Literal.int32(1)
        )
      ),
      closeBrace: SyntaxNode(
        leadingTrivia: [
          [0]: Whitespace(" ")
        ],
        content: 0:9-0:9 ()
      )
    )
  )
)