SyntaxNode(
  leadingTrivia: [],
  content: 0:0-0:26 Type.constructor(
    TypeIdentifier(value: "Array"),
    [
      [0]: Type.tuple(
        [
          [0]: Type.constructor(
            TypeIdentifier(value: "Int"),
            []
          ),
          [1]: Type.constructor(
            TypeIdentifier(value: "String"),
            []
          ),
          [2]: Type.constructor(
            TypeIdentifier(value: "Bool"),
            []
          )
        ]
      )
    ]
  )
)