SyntaxNode(
  leadingTrivia: [],
  content: 0:0-0:6 Expr(
    payload: Expr.Payload.tuple(
      DelimitedSequence(
        start: SyntaxNode(
          leadingTrivia: [],
          content: 0:0-0:0 ()
        ),
        elements: [
          [0]: DelimitedSequence.Element(
            content: SyntaxNode(
              leadingTrivia: [],
              content: 0:1-0:5 Expr(
                payload: Expr.Payload.literal(
                  Literal.string("foo")
                ),
                annotation: EmptyAnnotation()
              )
            ),
            separator: nil
          )
        ],
        end: SyntaxNode(
          leadingTrivia: [],
          content: 0:6-0:6 ()
        )
      )
    ),
    annotation: EmptyAnnotation()
  )
)